../Core/Src/main.c:127:5:main	8	static
../Core/Src/main.c:213:6:SystemClock_Config	88	static
../Core/Src/main.c:255:13:MX_ADC2_Init	24	static
../Core/Src/main.c:301:13:MX_I2C1_Init	8	static
../Core/Src/main.c:333:13:MX_TIM4_Init	48	static
../Core/Src/main.c:384:13:MX_TIM6_Init	16	static
../Core/Src/main.c:420:13:MX_TIM7_Init	16	static
../Core/Src/main.c:454:13:MX_DMA_Init	16	static
../Core/Src/main.c:470:13:MX_GPIO_Init	40	static
../Core/Src/main.c:519:6:leds_all_off	8	static
../Core/Src/main.c:528:6:buzzer_beep_short	8	static
../Core/Src/main.c:534:6:buzzer_alarme	16	static
../Core/Src/main.c:541:6:pompe_activer	8	static
../Core/Src/main.c:546:6:pompe_desactiver	8	static
../Core/Src/main.c:551:6:ventilateur_activer	8	static
../Core/Src/main.c:556:6:ventilateur_desactiver	8	static
../Core/Src/main.c:565:10:read_adc_simple	40	static
../Core/Src/main.c:599:7:read_temperature_simple	24	static
../Core/Src/main.c:618:5:read_water_level_simple	16	static
../Core/Src/main.c:629:5:read_soil_moisture_simple	16	static
../Core/Src/main.c:643:6:gerer_actions_automatiques	24	static
../Core/Src/main.c:660:6:afficher_normal_mode	40	static
../Core/Src/main.c:724:6:diagnostic_complet	48	static
../Core/Src/main.c:838:6:bouton_urgence_handler	48	static
../Core/Src/main.c:895:6:HAL_GPIO_EXTI_Callback	24	static
../Core/Src/main.c:917:6:Error_Handler	4	static,ignoring_inline_asm
